// Jest Snapshot v1, https://goo.gl/fbAQLP

exports[`<Loading> renders correctly when loading 1`] = `
<div>
  Loading...
</div>
`;

exports[`<Loading> renders correctly when not loading 1`] = `"Test"`;
