// Jest Snapshot v1, https://goo.gl/fbAQLP

exports[`<NotFoundPage> renders correctly 1`] = `
<div>
  <h4>
    404 Page Not Found
  </h4>
  <ForwardRef
    to="/"
  >
     Go back to homepage 
  </ForwardRef>
</div>
`;
